[moe-spac] enabled (refresh=32)
[moe-spac] refresh pos=85 swaps=80
[moe-spac] prefetch pos=85 scheduled=164
[moe-spac] prefetch pos=86 scheduled=18
[moe-spac] prefetch pos=90 scheduled=1
[moe-spac] prefetch pos=91 scheduled=1
[moe-spac] prefetch pos=92 scheduled=1
[moe-spac] prefetch pos=93 scheduled=4
[moe-spac] prefetch pos=96 scheduled=3
[moe-spac] prefetch pos=97 scheduled=5
[moe-spac] prefetch pos=98 scheduled=8
[moe-spac] prefetch pos=99 scheduled=14
[moe-spac] prefetch pos=100 scheduled=10
[moe-spac] prefetch pos=101 scheduled=8
[moe-spac] prefetch pos=102 scheduled=11
[moe-spac] prefetch pos=103 scheduled=12
[moe-spac] prefetch pos=104 scheduled=15
[moe-spac] prefetch pos=105 scheduled=9
[moe-spac] prefetch pos=106 scheduled=14
[moe-spac] prefetch pos=107 scheduled=7
[moe-spac] prefetch pos=108 scheduled=3
[moe-spac] prefetch pos=109 scheduled=6
[moe-spac] prefetch pos=110 scheduled=12
[moe-spac] prefetch pos=111 scheduled=14
[moe-spac] prefetch pos=112 scheduled=12
[moe-spac] prefetch pos=113 scheduled=12
[moe-spac] prefetch pos=114 scheduled=10
[moe-spac] prefetch pos=115 scheduled=5
[moe-spac] prefetch pos=116 scheduled=7
[moe-spac] refresh pos=117 swaps=80
[moe-spac] prefetch pos=117 scheduled=32
[moe-spac] prefetch pos=118 scheduled=7
[moe-spac] prefetch pos=119 scheduled=9
[moe-spac] prefetch pos=120 scheduled=13
[moe-spac] prefetch pos=121 scheduled=24
[moe-spac] prefetch pos=122 scheduled=33
[moe-spac] prefetch pos=123 scheduled=35
[moe-spac] prefetch pos=124 scheduled=46
[moe-spac] prefetch pos=125 scheduled=60
[moe-spac] prefetch pos=126 scheduled=59
[moe-spac] prefetch pos=127 scheduled=56
[moe-spac] prefetch pos=128 scheduled=49
[moe-spac] prefetch pos=129 scheduled=40
[moe-spac] prefetch pos=130 scheduled=46
[moe-spac] prefetch pos=131 scheduled=54
[moe-spac] prefetch pos=132 scheduled=66
[moe-spac] prefetch pos=133 scheduled=45
[moe-spac] prefetch pos=134 scheduled=44
[moe-spac] prefetch pos=135 scheduled=47
[moe-spac] prefetch pos=136 scheduled=50
[moe-spac] prefetch pos=137 scheduled=36
[moe-spac] prefetch pos=138 scheduled=22
[moe-spac] prefetch pos=139 scheduled=33
[moe-spac] prefetch pos=140 scheduled=23
[moe-spac] prefetch pos=141 scheduled=36
[moe-spac] prefetch pos=142 scheduled=21
[moe-spac] prefetch pos=143 scheduled=22
[moe-spac] prefetch pos=144 scheduled=16
[moe-spac] prefetch pos=145 scheduled=34
[moe-spac] prefetch pos=146 scheduled=39
[moe-spac] prefetch pos=147 scheduled=40
[moe-spac] prefetch pos=148 scheduled=52
[moe-spac] refresh pos=149 swaps=80
[moe-spac] prefetch pos=149 scheduled=90
[moe-spac] prefetch pos=150 scheduled=36
[moe-spac] prefetch pos=151 scheduled=38
[moe-spac] prefetch pos=152 scheduled=40
[moe-spac] prefetch pos=153 scheduled=35
[moe-spac] prefetch pos=154 scheduled=51
[moe-spac] prefetch pos=155 scheduled=54
[moe-spac] prefetch pos=156 scheduled=55
[moe-spac] prefetch pos=157 scheduled=62
[moe-spac] prefetch pos=158 scheduled=36
[moe-spac] prefetch pos=159 scheduled=42
[moe-spac] prefetch pos=160 scheduled=32
[moe-spac] prefetch pos=161 scheduled=28
[moe-spac] prefetch pos=162 scheduled=24
[moe-spac] prefetch pos=163 scheduled=22
[moe-spac] prefetch pos=164 scheduled=25
[moe-spac] prefetch pos=165 scheduled=21
[moe-spac] prefetch pos=166 scheduled=16
[moe-spac] prefetch pos=167 scheduled=17
[moe-spac] prefetch pos=168 scheduled=25
[moe-spac] prefetch pos=169 scheduled=10
[moe-spac] prefetch pos=170 scheduled=34
[moe-spac] prefetch pos=171 scheduled=36
[moe-spac] prefetch pos=172 scheduled=15
[moe-spac] prefetch pos=173 scheduled=28
[moe-spac] prefetch pos=174 scheduled=26
[moe-spac] prefetch pos=175 scheduled=54
[moe-spac] prefetch pos=176 scheduled=47
[moe-spac] prefetch pos=177 scheduled=46
[moe-spac] prefetch pos=178 scheduled=51
[moe-spac] prefetch pos=179 scheduled=59
[moe-spac] prefetch pos=180 scheduled=38
[moe-spac] refresh pos=181 swaps=80
[moe-spac] prefetch pos=181 scheduled=68
[moe-spac] prefetch pos=182 scheduled=37
[moe-spac] prefetch pos=183 scheduled=40
[moe-spac] prefetch pos=184 scheduled=49
[moe-spac] prefetch pos=185 scheduled=46
[moe-spac] prefetch pos=186 scheduled=59
[moe-spac] prefetch pos=187 scheduled=72
[moe-spac] prefetch pos=188 scheduled=57
[moe-spac] prefetch pos=189 scheduled=66
[moe-spac] prefetch pos=190 scheduled=54
[moe-spac] prefetch pos=191 scheduled=70
[moe-spac] prefetch pos=192 scheduled=65
[moe-spac] prefetch pos=193 scheduled=69
[moe-spac] prefetch pos=194 scheduled=39
[moe-spac] prefetch pos=195 scheduled=34
[moe-spac] prefetch pos=196 scheduled=40
[moe-spac] prefetch pos=197 scheduled=37
[moe-spac] prefetch pos=198 scheduled=29
[moe-spac] prefetch pos=199 scheduled=18
[moe-spac] prefetch pos=200 scheduled=19
[moe-spac] prefetch pos=201 scheduled=22
[moe-spac] prefetch pos=202 scheduled=28
[moe-spac] prefetch pos=203 scheduled=36
[moe-spac] prefetch pos=204 scheduled=54
[moe-spac] prefetch pos=205 scheduled=49
[moe-spac] prefetch pos=206 scheduled=40
[moe-spac] prefetch pos=207 scheduled=42
[moe-spac] prefetch pos=208 scheduled=64
[moe-spac] prefetch pos=209 scheduled=44
[moe-spac] prefetch pos=210 scheduled=46
[moe-spac] prefetch pos=211 scheduled=48

[stop=maxTokens prefill=85tok new=128tok ttft=25.95s decode=43.45s tok/s=2.946]
[expert-cache] slots/layer=64
[expert-cache] prefill req=0 hit=0 rate=n/a
[expert-cache] decode  req=40640 hit=29364 rate=72.3%
[expert-cache] shared  req=0 hit=0 rate=n/a
[expert-cache] total   req=40640 hit=29364 miss=11276 rate=72.3% evictions=19964
[expert-io] readWall=17.259s bytes=27.02GiB refreshIO=7.44GiB throughput=1.57GiB/s ofTotal=24.9% ofDecode=39.7%
[plan-residency] t=8 req=40640 resHit=72.3%
