[moe-spac] enabled (refresh=32)
[moe-spac] refresh pos=85 swaps=80
[moe-spac] prefetch pos=85 scheduled=171
[moe-spac] prefetch pos=86 scheduled=43
[moe-spac] prefetch pos=87 scheduled=1
[moe-spac] prefetch pos=88 scheduled=1
[moe-spac] prefetch pos=89 scheduled=1
[moe-spac] prefetch pos=90 scheduled=1
[moe-spac] prefetch pos=91 scheduled=1
[moe-spac] prefetch pos=92 scheduled=1
[moe-spac] prefetch pos=93 scheduled=3
[moe-spac] prefetch pos=96 scheduled=3
[moe-spac] prefetch pos=97 scheduled=5
[moe-spac] prefetch pos=98 scheduled=7
[moe-spac] prefetch pos=99 scheduled=15
[moe-spac] prefetch pos=100 scheduled=12
[moe-spac] prefetch pos=101 scheduled=8
[moe-spac] prefetch pos=102 scheduled=12
[moe-spac] prefetch pos=103 scheduled=13
[moe-spac] prefetch pos=104 scheduled=16
[moe-spac] prefetch pos=105 scheduled=10
[moe-spac] prefetch pos=106 scheduled=16
[moe-spac] prefetch pos=107 scheduled=8
[moe-spac] prefetch pos=108 scheduled=3
[moe-spac] prefetch pos=109 scheduled=5
[moe-spac] prefetch pos=110 scheduled=14
[moe-spac] prefetch pos=111 scheduled=13
[moe-spac] prefetch pos=112 scheduled=12
[moe-spac] prefetch pos=113 scheduled=11
[moe-spac] prefetch pos=114 scheduled=10
[moe-spac] prefetch pos=115 scheduled=5
[moe-spac] prefetch pos=116 scheduled=7
[moe-spac] refresh pos=117 swaps=80
[moe-spac] prefetch pos=117 scheduled=31
[moe-spac] prefetch pos=118 scheduled=10
[moe-spac] prefetch pos=119 scheduled=9
[moe-spac] prefetch pos=120 scheduled=13
[moe-spac] prefetch pos=121 scheduled=24
[moe-spac] prefetch pos=122 scheduled=33
[moe-spac] prefetch pos=123 scheduled=36
[moe-spac] prefetch pos=124 scheduled=45
[moe-spac] prefetch pos=125 scheduled=62
[moe-spac] prefetch pos=126 scheduled=57
[moe-spac] prefetch pos=127 scheduled=55
[moe-spac] prefetch pos=128 scheduled=52
[moe-spac] prefetch pos=129 scheduled=43
[moe-spac] prefetch pos=130 scheduled=44
[moe-spac] prefetch pos=131 scheduled=54
[moe-spac] prefetch pos=132 scheduled=69
[moe-spac] prefetch pos=133 scheduled=47
[moe-spac] prefetch pos=134 scheduled=41
[moe-spac] prefetch pos=135 scheduled=47
[moe-spac] prefetch pos=136 scheduled=47
[moe-spac] prefetch pos=137 scheduled=33
[moe-spac] prefetch pos=138 scheduled=19
[moe-spac] prefetch pos=139 scheduled=34
[moe-spac] prefetch pos=140 scheduled=25
[moe-spac] prefetch pos=141 scheduled=36
[moe-spac] prefetch pos=142 scheduled=21
[moe-spac] prefetch pos=143 scheduled=23
[moe-spac] prefetch pos=144 scheduled=18
[moe-spac] prefetch pos=145 scheduled=36
[moe-spac] prefetch pos=146 scheduled=41
[moe-spac] prefetch pos=147 scheduled=36
[moe-spac] prefetch pos=148 scheduled=52
[moe-spac] refresh pos=149 swaps=80
[moe-spac] prefetch pos=149 scheduled=90
[moe-spac] prefetch pos=150 scheduled=34
[moe-spac] prefetch pos=151 scheduled=37
[moe-spac] prefetch pos=152 scheduled=43
[moe-spac] prefetch pos=153 scheduled=40
[moe-spac] prefetch pos=154 scheduled=53
[moe-spac] prefetch pos=155 scheduled=53
[moe-spac] prefetch pos=156 scheduled=55
[moe-spac] prefetch pos=157 scheduled=65
[moe-spac] prefetch pos=158 scheduled=38
[moe-spac] prefetch pos=159 scheduled=43
[moe-spac] prefetch pos=160 scheduled=32
[moe-spac] prefetch pos=161 scheduled=30
[moe-spac] prefetch pos=162 scheduled=26
[moe-spac] prefetch pos=163 scheduled=21
[moe-spac] prefetch pos=164 scheduled=25
[moe-spac] prefetch pos=165 scheduled=22
[moe-spac] prefetch pos=166 scheduled=17
[moe-spac] prefetch pos=167 scheduled=18
[moe-spac] prefetch pos=168 scheduled=26
[moe-spac] prefetch pos=169 scheduled=11
[moe-spac] prefetch pos=170 scheduled=37
[moe-spac] prefetch pos=171 scheduled=37
[moe-spac] prefetch pos=172 scheduled=14
[moe-spac] prefetch pos=173 scheduled=32
[moe-spac] prefetch pos=174 scheduled=28
[moe-spac] prefetch pos=175 scheduled=54
[moe-spac] prefetch pos=176 scheduled=49
[moe-spac] prefetch pos=177 scheduled=46
[moe-spac] prefetch pos=178 scheduled=51
[moe-spac] prefetch pos=179 scheduled=58

[stop=maxTokens prefill=85tok new=96tok ttft=25.32s decode=34.69s tok/s=2.767]
[expert-cache] slots/layer=64
[expert-cache] prefill req=0 hit=0 rate=n/a
[expert-cache] decode  req=30400 hit=22400 rate=73.7%
[expert-cache] shared  req=0 hit=0 rate=n/a
[expert-cache] total   req=30400 hit=22400 miss=8000 rate=73.7% evictions=15285
[expert-io] readWall=14.185s bytes=21.62GiB refreshIO=5.01GiB throughput=1.52GiB/s ofTotal=23.6% ofDecode=40.9%
[plan-residency] t=8 req=30400 resHit=73.7%
