[moe-spac] enabled (refresh=32)
[moe-spac] refresh pos=85 swaps=80
[moe-spac] prefetch pos=85 scheduled=165
[moe-spac] prefetch pos=86 scheduled=84
[moe-spac] prefetch pos=87 scheduled=25
[moe-spac] prefetch pos=88 scheduled=3
[moe-spac] prefetch pos=89 scheduled=5
[moe-spac] prefetch pos=90 scheduled=1
[moe-spac] prefetch pos=91 scheduled=1
[moe-spac] prefetch pos=93 scheduled=3
[moe-spac] prefetch pos=96 scheduled=4
[moe-spac] prefetch pos=97 scheduled=5
[moe-spac] prefetch pos=98 scheduled=5
[moe-spac] prefetch pos=99 scheduled=12
[moe-spac] prefetch pos=100 scheduled=9
[moe-spac] prefetch pos=101 scheduled=8
[moe-spac] prefetch pos=102 scheduled=9
[moe-spac] prefetch pos=103 scheduled=11
[moe-spac] prefetch pos=104 scheduled=16
[moe-spac] prefetch pos=105 scheduled=10
[moe-spac] prefetch pos=106 scheduled=15
[moe-spac] prefetch pos=107 scheduled=10
[moe-spac] prefetch pos=108 scheduled=4
[moe-spac] prefetch pos=109 scheduled=6
[moe-spac] prefetch pos=110 scheduled=12
[moe-spac] prefetch pos=111 scheduled=11
[moe-spac] prefetch pos=112 scheduled=9
[moe-spac] prefetch pos=113 scheduled=10
[moe-spac] prefetch pos=114 scheduled=9
[moe-spac] prefetch pos=115 scheduled=5
[moe-spac] prefetch pos=116 scheduled=7
[moe-spac] refresh pos=117 swaps=80
[moe-spac] prefetch pos=117 scheduled=33
[moe-spac] prefetch pos=118 scheduled=6
[moe-spac] prefetch pos=119 scheduled=10
[moe-spac] prefetch pos=120 scheduled=12
[moe-spac] prefetch pos=121 scheduled=25
[moe-spac] prefetch pos=122 scheduled=32
[moe-spac] prefetch pos=123 scheduled=36
[moe-spac] prefetch pos=124 scheduled=43
[moe-spac] prefetch pos=125 scheduled=60
[moe-spac] prefetch pos=126 scheduled=57
[moe-spac] prefetch pos=127 scheduled=58
[moe-spac] prefetch pos=128 scheduled=51
[moe-spac] prefetch pos=129 scheduled=42
[moe-spac] prefetch pos=130 scheduled=43
[moe-spac] prefetch pos=131 scheduled=53
[moe-spac] prefetch pos=132 scheduled=64
[moe-spac] prefetch pos=133 scheduled=44
[moe-spac] prefetch pos=134 scheduled=41
[moe-spac] prefetch pos=135 scheduled=45
[moe-spac] prefetch pos=136 scheduled=51
[moe-spac] prefetch pos=137 scheduled=38
[moe-spac] prefetch pos=138 scheduled=21
[moe-spac] prefetch pos=139 scheduled=32
[moe-spac] prefetch pos=140 scheduled=22
[moe-spac] prefetch pos=141 scheduled=36
[moe-spac] prefetch pos=142 scheduled=21
[moe-spac] prefetch pos=143 scheduled=25
[moe-spac] prefetch pos=144 scheduled=17
[moe-spac] prefetch pos=145 scheduled=36
[moe-spac] prefetch pos=146 scheduled=41
[moe-spac] prefetch pos=147 scheduled=37

[stop=maxTokens prefill=85tok new=64tok ttft=25.32s decode=21.15s tok/s=3.027]
[expert-cache] slots/layer=64
[expert-cache] prefill req=0 hit=0 rate=n/a
[expert-cache] decode  req=20160 hit=15164 rate=75.2%
[expert-cache] shared  req=0 hit=0 rate=n/a
[expert-cache] total   req=20160 hit=15164 miss=4996 rate=75.2% evictions=11081
[expert-io] readWall=10.732s bytes=16.67GiB refreshIO=2.91GiB throughput=1.55GiB/s ofTotal=23.1% ofDecode=50.8%
[plan-residency] t=8 req=20160 resHit=75.2%
